# This file is @generated, regenerate by rerunning the test with `BUCK2_UPDATE_GOLDEN=1` set

[<TIMESTAMP>] Starting new yak daemon...
[<TIMESTAMP>] Connected to new yak daemon.
[<TIMESTAMP>] Build ID: <UUID>
[<TIMESTAMP>] Error parsing root//a
[<TIMESTAMP>] Cannot specify modifiers with ?modifier syntax when global CLI modifiers are set with --modifier flag
