# This file is @generated, regenerate by rerunning the test with `YAK_UPDATE_GOLDEN=1` set

[
  {
    "yak.package":"root//b",
    "yak.error":"Error evaluating build file: `root//b:YAK.fixture`\n\nCaused by:\n    Traceback (most recent call last):\n      * b/YAK.fixture:2, in <module>\n          fail(\"test_parse_error\")\n    error: fail: test_parse_error\n     --> b/YAK.fixture:2:1\n      |\n    2 | fail(\"test_parse_error\")\n      | ^^^^^^^^^^^^^^^^^^^^^^^^\n    "
  },
  {
    "yak.target":"root//a:target1",
    "yak.type":"nano_prelude//stub_rules.bzl:stub",
    "yak.deps":[],
    "yak.inputs":[],
    "yak.package":"root//a",
    "name":"target1",
    "visibility":[],
    "within_view":["PUBLIC"]
  },
  {
    "yak.target":"root//a:target2",
    "yak.type":"nano_prelude//stub_rules.bzl:stub",
    "yak.deps":[],
    "yak.inputs":[],
    "yak.package":"root//a",
    "name":"target2",
    "visibility":[],
    "within_view":["PUBLIC"]
  }
]
