# This file is @generated, regenerate by rerunning the test with `YAK_UPDATE_GOLDEN=1` set

[
  {
    "buck.package":"root//b",
    "buck.error":"Error evaluating build file: `root//b:YAK.fixture`\n\nCaused by:\n    Traceback (most recent call last):\n      * b/YAK.fixture:2, in <module>\n          fail(\"test_parse_error\")\n    error: fail: test_parse_error\n     --> b/YAK.fixture:2:1\n      |\n    2 | fail(\"test_parse_error\")\n      | ^^^^^^^^^^^^^^^^^^^^^^^^\n    "
  }
]
