# This file is @generated, regenerate by rerunning the test with `YAK_UPDATE_GOLDEN=1` set

digraph result_graph {
  "root//bin:the_binary" [style=filled,color="#DFECDF",yak_name=the_binary,yak_cmd="[\"$(exe root//:bin)\", \"$(location root//:data)\"]",yak_deps="[\"root//lib:lib1\", \"root//lib:lib2\", \"root//lib:lib3\"]"];
  "root//bin:the_binary" -> "root//:data";
  "root//bin:the_binary" -> "root//lib:lib1";
  "root//bin:the_binary" -> "root//lib:lib2";
  "root//bin:the_binary" -> "root//lib:lib3";
  "root//:data" [style=filled,color="#DFECDF",yak_name=data,yak_cmd="\"$(exe root//:genrule_binary)\""];
  "root//lib:lib1" [style=filled,color="#DFECDF",yak_name=lib1,yak_cmd="[]",yak_deps="[]"];
  "root//lib:lib1" -> "root//lib:file1";
  "root//lib:lib2" [style=filled,color="#DFECDF",yak_name=lib2,yak_cmd="[\"this is lib2\", \"cmd\", \"$(location root//lib:file2)\"]",yak_deps="[]"];
  "root//lib:lib2" -> "root//lib:file2";
  "root//lib:lib3" [style=filled,color="#DFECDF",yak_name=lib3,yak_cmd="[\"this is lib3\"]+select({\"root//lib:constraint\": [\"this is lib3 too, case 1\"], \"DEFAULT\": [\"this is lib3 too, case 2\"]})",yak_deps="[]"];
  "root//lib:lib3" -> "root//lib:file3";
  "root//lib:file1" [style=filled,color="#DFECDF",yak_name=file1,yak_cmd="\"\""];
  "root//lib:file2" [style=filled,color="#DFECDF",yak_name=file2,yak_cmd="\"\""];
  "root//lib:file3" [style=filled,color="#DFECDF",yak_name=file3,yak_cmd="\"\""];
}
