# This file is @generated, regenerate by rerunning the test with `BUCK2_UPDATE_GOLDEN=1` set

[?25l[1GBuild ID: ddffc1d8-1e77-449b-8ac8-bb06b1ad6b9a[K
[1G────────────────────────────────────────────────────────────────────────────────────────────────────[K
[1Groot//:long_build [run_python] local_execute                                                    1.0s[K
[1G[?25h[J
