# This file is @generated, regenerate by rerunning the test with `YAK_UPDATE_GOLDEN=1` set

{
  "compatible_targets": [
  {
    "yak.target":"root//a:target1",
    "yak.type":"nano_prelude//stub_rules.bzl:stub",
    "yak.deps":[],
    "yak.inputs":[],
    "yak.package":"root//a",
    "name":"target1",
    "visibility":[],
    "within_view":["PUBLIC"]
  },
  {
    "yak.target":"root//a:target2",
    "yak.type":"nano_prelude//stub_rules.bzl:stub",
    "yak.deps":[],
    "yak.inputs":[],
    "yak.package":"root//a",
    "name":"target2",
    "visibility":[],
    "within_view":["PUBLIC"]
  }
  ],
  "incompatible_targets": [

  ]
}
